** Drc report for Safesteps.kicad_pcb **
** Created on 2026-10-05T17:33:03 **
** Report includes: Errors, Warnings **

** Found 6 DRC violations **
[invalid_outline]: Board has malformed outline (not a closed shape)
    Local override; error
    @(101.7750 mm, 64.1750 mm): Segment of AE1 on Edge.Cuts
    @(101.7750 mm, 64.1750 mm): Segment of AE1 on Edge.Cuts
[silk_edge_clearance]: Silkscreen clipped by board edge
    Rule: board setup constraints silk; warning
    @(86.8500 mm, 55.2500 mm): Rectangle on Edge.Cuts
    @(144.9000 mm, 54.8750 mm): Reference field of H2
[silk_edge_clearance]: Silkscreen clipped by board edge
    Rule: board setup constraints silk; warning
    @(86.8500 mm, 55.2500 mm): Rectangle on Edge.Cuts
    @(89.6000 mm, 54.7750 mm): Reference field of H1
[lib_footprint_issues]: The current configuration does not include the footprint library 'Footprints(Safesteps'
    Local override; warning
    @(138.1250 mm, 94.8250 mm): Footprint U3
[lib_footprint_issues]: The current configuration does not include the footprint library 'Footprints(Safesteps'
    Local override; warning
    @(119.3000 mm, 84.5150 mm): Footprint U4
[silk_overlap]: Silkscreen clearance
    Rule: board setup constraints silk; warning
    @(142.7637 mm, 82.1350 mm): Segment of C1 on F.Silkscreen
    @(143.0250 mm, 82.7300 mm): Reference field of C2

** Found 1 unconnected pads **
[unconnected_items]: Missing connection between items
    Local override; error
    @(134.4700 mm, 76.8763 mm): Track [GND] on F.Cu, length 4.4953 mm
    @(137.8550 mm, 81.1750 mm): Track [GND] on F.Cu, length 0.4050 mm

** Found 0 Footprint errors **

** Ignored checks **
    - Footprint has no courtyard defined
    - Track endpoint not centered on via
    - Tuning profile track geometries
    - Footprint doesn't match symbol's footprint filters
    - Footprint component type doesn't match footprint pads

** End of Report **
